<testsuite errors="0" failures="0" name="Django Project Tests" skips="0" tests="2" time="0.003"><testcase classname="accounting.tests.TestAccountTransaction" name="test_transaction_succed" time="0.001495" /><testcase classname="accounting.tests.TestAccountTransaction" name="test_transaction_whith_enough_money_fails" time="0.000501" /></testsuite>